
  You can now view your Streamlit app in your browser.

  Local URL: http://localhost:8707
  Network URL: http://172.29.42.122:8707
  External URL: http://38.105.190.254:8707


  You can now view your Streamlit app in your browser.

  Local URL: http://localhost:8707
  Network URL: http://172.29.42.122:8707
  External URL: http://38.105.190.254:8707


  You can now view your Streamlit app in your browser.

  Local URL: http://localhost:8707
  Network URL: http://172.29.42.122:8707
  External URL: http://38.105.190.254:8707

  Stopping...

  You can now view your Streamlit app in your browser.

  Local URL: http://localhost:8707
  Network URL: http://172.29.42.122:8707
  External URL: http://38.105.190.254:8707

  Stopping...

  You can now view your Streamlit app in your browser.

  Local URL: http://localhost:8707
  Network URL: http://172.29.42.122:8707
  External URL: http://38.105.190.254:8707

  Stopping...

  You can now view your Streamlit app in your browser.

  Local URL: http://localhost:8707
  Network URL: http://172.29.42.122:8707
  External URL: http://38.105.190.254:8707

  Stopping...

  You can now view your Streamlit app in your browser.

  Local URL: http://localhost:8707
  Network URL: http://172.29.42.122:8707
  External URL: http://38.105.190.254:8707

  Stopping...

  You can now view your Streamlit app in your browser.

  Local URL: http://localhost:8707
  Network URL: http://172.29.42.122:8707
  External URL: http://38.105.190.254:8707


  You can now view your Streamlit app in your browser.

  Local URL: http://localhost:8707
  Network URL: http://172.29.42.122:8707
  External URL: http://38.105.190.254:8707

2026-06-02 04:14:34.380 Please replace `use_container_width` with `width`.

`use_container_width` will be removed after 2025-12-31.

For `use_container_width=True`, use `width='stretch'`. For `use_container_width=False`, use `width='content'`.
2026-06-02 04:15:17.694 Please replace `use_container_width` with `width`.

`use_container_width` will be removed after 2025-12-31.

For `use_container_width=True`, use `width='stretch'`. For `use_container_width=False`, use `width='content'`.
2026-06-02 04:15:17.703 Please replace `use_container_width` with `width`.

`use_container_width` will be removed after 2025-12-31.

For `use_container_width=True`, use `width='stretch'`. For `use_container_width=False`, use `width='content'`.
2026-06-02 04:15:25.775 Please replace `use_container_width` with `width`.

`use_container_width` will be removed after 2025-12-31.

For `use_container_width=True`, use `width='stretch'`. For `use_container_width=False`, use `width='content'`.
2026-06-02 04:15:25.784 Please replace `use_container_width` with `width`.

`use_container_width` will be removed after 2025-12-31.

For `use_container_width=True`, use `width='stretch'`. For `use_container_width=False`, use `width='content'`.
2026-06-02 04:16:20.684 Please replace `use_container_width` with `width`.

`use_container_width` will be removed after 2025-12-31.

For `use_container_width=True`, use `width='stretch'`. For `use_container_width=False`, use `width='content'`.
2026-06-02 04:16:25.914 Please replace `use_container_width` with `width`.

`use_container_width` will be removed after 2025-12-31.

For `use_container_width=True`, use `width='stretch'`. For `use_container_width=False`, use `width='content'`.
2026-06-02 04:16:25.926 Please replace `use_container_width` with `width`.

`use_container_width` will be removed after 2025-12-31.

For `use_container_width=True`, use `width='stretch'`. For `use_container_width=False`, use `width='content'`.
2026-06-02 04:16:30.326 Please replace `use_container_width` with `width`.

`use_container_width` will be removed after 2025-12-31.

For `use_container_width=True`, use `width='stretch'`. For `use_container_width=False`, use `width='content'`.
2026-06-02 04:16:35.875 Please replace `use_container_width` with `width`.

`use_container_width` will be removed after 2025-12-31.

For `use_container_width=True`, use `width='stretch'`. For `use_container_width=False`, use `width='content'`.
2026-06-02 04:16:35.885 Please replace `use_container_width` with `width`.

`use_container_width` will be removed after 2025-12-31.

For `use_container_width=True`, use `width='stretch'`. For `use_container_width=False`, use `width='content'`.
2026-06-02 04:16:39.857 Please replace `use_container_width` with `width`.

`use_container_width` will be removed after 2025-12-31.

For `use_container_width=True`, use `width='stretch'`. For `use_container_width=False`, use `width='content'`.
2026-06-02 04:16:39.866 Please replace `use_container_width` with `width`.

`use_container_width` will be removed after 2025-12-31.

For `use_container_width=True`, use `width='stretch'`. For `use_container_width=False`, use `width='content'`.
2026-06-02 04:17:46.390 Please replace `use_container_width` with `width`.

`use_container_width` will be removed after 2025-12-31.

For `use_container_width=True`, use `width='stretch'`. For `use_container_width=False`, use `width='content'`.
2026-06-02 04:17:50.608 Please replace `use_container_width` with `width`.

`use_container_width` will be removed after 2025-12-31.

For `use_container_width=True`, use `width='stretch'`. For `use_container_width=False`, use `width='content'`.
2026-06-02 04:17:50.618 Please replace `use_container_width` with `width`.

`use_container_width` will be removed after 2025-12-31.

For `use_container_width=True`, use `width='stretch'`. For `use_container_width=False`, use `width='content'`.
